(FAMILY UNSPECIFIED)
(FACE F MRR)
(CODINGSCHEME UNSPECIFIED)
(DESIGNSIZE R 10.0)
(COMMENT DESIGNSIZE IS IN POINTS)
(COMMENT OTHER SIZES ARE MULTIPLES OF DESIGNSIZE)
(CHECKSUM H 3996EA86)
(SEVENBITSAFEFLAG TRUE)
(CHARACTER H 41
   (CHARWD R 0.0)
   (CHARHT R 1.0)
   (CHARDP R 0.1)
   (CHARIC R 1.0)
   )
(CHARACTER H 42
   (CHARWD R 0.0)
   (CHARHT R 1.0)
   (CHARDP R 0.1)
   (CHARIC R 1.0)
   )
