(VTITLE JVF for SAMPLE)
(OFMLEVEL H 0)
(FONTDIR TL)
(FAMILY UNSPECIFIED)
(FACE F MRR)
(CODINGSCHEME UNSPECIFIED)
(DESIGNSIZE R 10.0)
(COMMENT DESIGNSIZE IS IN POINTS)
(COMMENT OTHER SIZES ARE MULTIPLES OF DESIGNSIZE)
(CHECKSUM H 16497D66)
(SEVENBITSAFEFLAG FALSE)
(MAPFONT D 0
   (FONTNAME sample0-h)
   (FONTCHECKSUM H 11AB1731)
   (FONTAT R 1.0)
   (FONTDSIZE R 10.0)
   )
(MAPFONT D 1
   (FONTNAME sample1-h)
   (FONTCHECKSUM H 11AB1731)
   (FONTAT R 1.0)
   (FONTDSIZE R 10.0)
   )
(CHARACTER H 2121
   (CHARWD R 1.0)
   (MAP
      (SETCHAR H 0)
      )
   )
(CHARACTER H 2122
   (CHARWD R 1.0)
   (MAP
      (SELECTFONT D 1)
      (SETCHAR H 0)
      )
   )
