%%BoundingBox: 205 75 598 602
%%HiResBoundingBox: 205.200000 75.600000 597.600000 601.200000
