\input musixtex.tex
\input musixsty.tex
\input musixps
\input musixtnt
\nohalfties
\def\pstiehgt{0.5}
\def\psslurhgt{0.5}
\vsize9.75in
\voffset-0.5in
\hsize7.0in
\hoffset-0.25in
\smallmusicsize
\bigaccid
\advance\parindent by 10pt
\def\raisebarno{5\internote}%
\nobarnumbers
\relativeaccid
\geometricskipscale
\instrumentnumber1

\setclef1\bass\setbassclefsymbol1\bassoct
\setclef4\treble\settrebleclefsymbol4\trebleoct
\generalsignature{+1}
\generalmeter\meterC
\setname1{B}
\setname2{T}
\setname3{A}
\setname4{S}
\fulltitle{Quodlibet}
\subtitle{Variation 30 of the Goldberg Variations for Clavier}
\title{Quodlibet}
\author{J. S. Bach (1685--1750)}
\shortauthor{J. S. Bach}
\othermention{Arranged for Recorders by R. D. Tennent}
\maketitle
\startbarno=0
\nobarnumbers
\setstaffs11
\nostartrule
\startpiece\addspace\afterruleskip%
\TransformNotes{#2}{#2}%
\systemnumbers%
\Notes\ds\en
\bar%1
\NOTes\hl N\en
\NOTes\hl M\en
\bar%2
\NOTes\hl L\en
\NOtes\ql{.K}\en
\Notes\cu J\en
\bar%3
\NOTes\hu I\en
\NOTes\hu J\en
\bar%4
\NOTes\hl K\en
%\vnotes1.5\elemskip&\nbbbu1\qb1e\tbbu1\qb1f&&\en
\NOtes\qu G\en
\Notes\ds\en
\notes\ibbl0b{-1}\qb0b\tqb0a\en
\bar%5
\Notes\ibl0M0\qb0N\en
\notes\nbbl0\qb0M\tqb0N\en
\Notes\ibl0K0\qb0L\en
\notes\nbbl0\qb0K\tqb0L\en
\NOtes\ql{.M}\en
\Notes\cu I\en
\bar%6
\NOtes\ql{.L}\en
\notes\ibbl0M2\qb0M\tqb0N\en
\NOtes\itieu0a\ql a\en
\notes\ttie0\ibbl0a{-2}\qb0{aN}\en
\notes\qb0M\tqb0L\en
\bar%7
\NOtes\ql M\en
\NOtes\ql K\en
\NOtes\ql N\en
\NOtes\qu G\en
\bar%8
\NOtes\qu{.H}\en
\Notes\cu{^J}\en
\NOtes\ql K\en
\Notes\cl K\en
\advance\barno by -1%
\leftrightrepeat
\Notes\ds\en
\bar%9
\NOtes\ql d\ql c\en
\NOtes\ql b\en
\NOtes\ql N\en
\bar%10
\Notes\ibl0b{-1}\qb0{cbc}\tqb0a\en
\NOtes\ql{.b}\en
\Notes\cl a\en
\bar%11
\NOtes\ql{N}\ql{N}\en
\NOtes\ql{.a}\en
\Notes\cl{^a}\en
\bar%12
\NOtes\ql b\en
\NOtes\qu I\en
\NOtes\ql{.L}\en
\Notes\cl{=K}\en
\bar%13
\NOtes\qu J\en
\NOtes\ql c\en
\NOtes\ql{.b}\en
\notes\ibbu0J{-2}\qb0J\tqh0I\en
\bar%14
\NOtes\qu{.H}\en
\notes\ibbu0I2\qb0I\tqh0J\en
\NOtes\ql{.K}\en
\notes\ibbu0J2\qb0J\tqh0K\en
\bar%15
\Notes\ibu0I0\qb0G\en
\Notes\qb0H\en
\Notes\qb0I\en
\Notes\tqh0G\en
\NOtes\qu{.J}\en
\Notes\cu{^J}\en
\bar%16
\NOtes\ql K\en
\NOtes\ql K\en
\NOtes\ql N\en
\Notes\cu G\en
\setrightrepeat
\endpiece%
%\eject

\end
