(FAMILY UNSPECIFIED)
(FACE F MRR)
(CODINGSCHEME UNSPECIFIED)
(DESIGNSIZE R 10.0)
(COMMENT DESIGNSIZE IS IN POINTS)
(COMMENT OTHER SIZES ARE MULTIPLES OF DESIGNSIZE)
(CHECKSUM H 0)
(FONTDIMEN
   )
(COMMENT
   (CHARWD_ENTRY D 0 R 0.0)
   (CHARWD_ENTRY D 1 R 0.0)
   )
(COMMENT
   (CHARHT_ENTRY D 0 R 0.0)
   (CHARHT_ENTRY D 1 R 1.0)
   )
(COMMENT
   (CHARDP_ENTRY D 0 R 0.0)
   (CHARDP_ENTRY D 1 R 0.1)
   )
(COMMENT
   (CHARIC_ENTRY D 0 R 0.0)
   (CHARIC_ENTRY D 1 R 1.0)
   )
(CHARACTER H 41
   (CHARWD R 0.0)
   (CHARHT R 1.0)
   (CHARDP R 0.1)
   (CHARIC R 1.0)
   )
(CHARACTER H 42
   (CHARWD R 0.0)
   (CHARHT R 1.0)
   (CHARDP R 0.1)
   (CHARIC R 1.0)
   )
