(VTITLE JVF for SAMPLE)
(OFMLEVEL D 0)
(FONTDIR TL)
(FAMILY UNSPECIFIED)
(FACE F MRR)
(CODINGSCHEME UNSPECIFIED)
(DESIGNSIZE R 10.0)
(COMMENT DESIGNSIZE IS IN POINTS)
(COMMENT OTHER SIZES ARE MULTIPLES OF DESIGNSIZE)
(CHECKSUM H 0)
(SEVENBITSAFEFLAG FALSE)
(FONTDIMEN
   )
(MAPFONT D 0
   (FONTNAME sample0-h)
   (FONTCHECKSUM H 0)
   (FONTAT R 1.0)
   (FONTDSIZE R 10.0)
   )
(MAPFONT D 1
   (FONTNAME sample1-h)
   (FONTCHECKSUM H 0)
   (FONTAT R 1.0)
   (FONTDSIZE R 10.0)
   )
(COMMENT
   (CHARWD_ENTRY D 0 R 0.0)
   (CHARWD_ENTRY D 1 R 1.0)
   )
(COMMENT
   (CHARHT_ENTRY D 0 R 0.0)
   )
(COMMENT
   (CHARDP_ENTRY D 0 R 0.0)
   )
(COMMENT
   (CHARIC_ENTRY D 0 R 0.0)
   )
(CHARACTER H 2121
   (CHARWD R 1.0)
   (MAP
      (SETCHAR H 0)
      )
   )
(CHARACTER H 2122
   (CHARWD R 1.0)
   (MAP
      (SELECTFONT D 1)
      (SETCHAR H 0)
      )
   )
